[SYS] 2026/06/17 - 10:09:02 | initializing token encoders 
[SYS] 2026/06/17 - 10:09:02 | token encoders initialized 
[SYS] 2026/06/17 - 10:09:02 | using PostgreSQL as database 
[SYS] 2026/06/17 - 10:09:02 | database migration started 

2026/06/17 10:09:02 [32m/home/ubuntu/demo/SynthApi/model/main.go:524
[0m[33m[11.055ms] [34;1m[rows:1][0m SELECT count(*) FROM information_schema.tables WHERE table_schema = CURRENT_SCHEMA() AND table_name = 'subscription_plans' AND table_type = 'BASE TABLE'

2026/06/17 10:09:02 [32m/home/ubuntu/demo/SynthApi/model/main.go:529
[0m[33m[6.014ms] [34;1m[rows:1][0m SELECT count(*) FROM INFORMATION_SCHEMA.columns WHERE table_schema = CURRENT_SCHEMA() AND table_name = 'subscription_plans' AND column_name = 'price_amount'

2026/06/17 10:09:02 [32m/home/ubuntu/demo/SynthApi/model/main.go:539
[0m[33m[5.016ms] [34;1m[rows:1][0m SELECT data_type FROM information_schema.columns
			WHERE table_schema = current_schema() AND table_name = 'subscription_plans' AND column_name = 'price_amount'

2026/06/17 10:09:02 [32m/home/ubuntu/demo/SynthApi/model/main.go:469
[0m[33m[0.634ms] [34;1m[rows:1][0m SELECT count(*) FROM information_schema.tables WHERE table_schema = CURRENT_SCHEMA() AND table_name = 'tokens' AND table_type = 'BASE TABLE'

2026/06/17 10:09:02 [32m/home/ubuntu/demo/SynthApi/model/main.go:473
[0m[33m[1.932ms] [34;1m[rows:1][0m SELECT count(*) FROM INFORMATION_SCHEMA.columns WHERE table_schema = CURRENT_SCHEMA() AND table_name = 'tokens' AND column_name = 'model_limits'

2026/06/17 10:09:02 [32m/home/ubuntu/demo/SynthApi/model/main.go:482
[0m[33m[3.367ms] [34;1m[rows:1][0m SELECT data_type FROM information_schema.columns
			WHERE table_schema = current_schema() AND table_name = 'tokens' AND column_name = 'model_limits'

2026/06/17 10:09:02 [32m/home/ubuntu/demo/SynthApi/model/main.go:258
[0m[33m[0.858ms] [34;1m[rows:1][0m SELECT count(*) FROM information_schema.tables WHERE table_schema = CURRENT_SCHEMA() AND table_name = 'channels' AND table_type = 'BASE TABLE'

2026/06/17 10:09:02 [32m/home/ubuntu/demo/SynthApi/model/main.go:258
[0m[33m[0.241ms] [34;1m[rows:1][0m SELECT CURRENT_DATABASE()

2026/06/17 10:09:02 [32m/home/ubuntu/demo/SynthApi/model/main.go:258
[0m[33m[10.754ms] [34;1m[rows:-][0m SELECT c.column_name, c.is_nullable = 'YES', c.udt_name, c.character_maximum_length, c.numeric_precision, c.numeric_precision_radix, c.numeric_scale, c.datetime_precision, 8 * typlen, c.column_default, pd.description, c.identity_increment FROM information_schema.columns AS c JOIN pg_type AS pgt ON c.udt_name = pgt.typname LEFT JOIN pg_catalog.pg_description as pd ON pd.objsubid = c.ordinal_position AND pd.objoid = (SELECT oid FROM pg_catalog.pg_class WHERE relname = c.table_name AND relnamespace = (SELECT oid FROM pg_catalog.pg_namespace WHERE nspname = c.table_schema)) where table_catalog = 'newapi' AND table_schema = CURRENT_SCHEMA() AND table_name = 'channels'

2026/06/17 10:09:02 [32m/home/ubuntu/demo/SynthApi/model/main.go:258
[0m[33m[0.631ms] [34;1m[rows:-][0m SELECT * FROM "channels" LIMIT 1
[SYS] 2026/06/21 - 22:46:00 | initializing token encoders 
[SYS] 2026/06/21 - 22:46:00 | token encoders initialized 
[SYS] 2026/06/21 - 22:46:00 | using PostgreSQL as database 
[SYS] 2026/06/21 - 22:46:00 | database migration started 

2026/06/21 22:46:00 [32m/home/ubuntu/demo/SynthApi/model/main.go:526
[0m[33m[12.545ms] [34;1m[rows:1][0m SELECT count(*) FROM information_schema.tables WHERE table_schema = CURRENT_SCHEMA() AND table_name = 'subscription_plans' AND table_type = 'BASE TABLE'

2026/06/21 22:46:00 [32m/home/ubuntu/demo/SynthApi/model/main.go:531
[0m[33m[7.263ms] [34;1m[rows:1][0m SELECT count(*) FROM INFORMATION_SCHEMA.columns WHERE table_schema = CURRENT_SCHEMA() AND table_name = 'subscription_plans' AND column_name = 'price_amount'

2026/06/21 22:46:00 [32m/home/ubuntu/demo/SynthApi/model/main.go:541
[0m[33m[4.897ms] [34;1m[rows:1][0m SELECT data_type FROM information_schema.columns
			WHERE table_schema = current_schema() AND table_name = 'subscription_plans' AND column_name = 'price_amount'

2026/06/21 22:46:00 [32m/home/ubuntu/demo/SynthApi/model/main.go:471
[0m[33m[0.756ms] [34;1m[rows:1][0m SELECT count(*) FROM information_schema.tables WHERE table_schema = CURRENT_SCHEMA() AND table_name = 'tokens' AND table_type = 'BASE TABLE'

2026/06/21 22:46:00 [32m/home/ubuntu/demo/SynthApi/model/main.go:475
[0m[33m[2.035ms] [34;1m[rows:1][0m SELECT count(*) FROM INFORMATION_SCHEMA.columns WHERE table_schema = CURRENT_SCHEMA() AND table_name = 'tokens' AND column_name = 'model_limits'

2026/06/21 22:46:00 [32m/home/ubuntu/demo/SynthApi/model/main.go:484
[0m[33m[3.113ms] [34;1m[rows:1][0m SELECT data_type FROM information_schema.columns
			WHERE table_schema = current_schema() AND table_name = 'tokens' AND column_name = 'model_limits'

2026/06/21 22:46:00 [32m/home/ubuntu/demo/SynthApi/model/main.go:258
[0m[33m[0.609ms] [34;1m[rows:1][0m SELECT count(*) FROM information_schema.tables WHERE table_schema = CURRENT_SCHEMA() AND table_name = 'channels' AND table_type = 'BASE TABLE'

2026/06/21 22:46:00 [32m/home/ubuntu/demo/SynthApi/model/main.go:258
[0m[33m[0.353ms] [34;1m[rows:1][0m SELECT CURRENT_DATABASE()

2026/06/21 22:46:00 [32m/home/ubuntu/demo/SynthApi/model/main.go:258
[0m[33m[11.703ms] [34;1m[rows:-][0m SELECT c.column_name, c.is_nullable = 'YES', c.udt_name, c.character_maximum_length, c.numeric_precision, c.numeric_precision_radix, c.numeric_scale, c.datetime_precision, 8 * typlen, c.column_default, pd.description, c.identity_increment FROM information_schema.columns AS c JOIN pg_type AS pgt ON c.udt_name = pgt.typname LEFT JOIN pg_catalog.pg_description as pd ON pd.objsubid = c.ordinal_position AND pd.objoid = (SELECT oid FROM pg_catalog.pg_class WHERE relname = c.table_name AND relnamespace = (SELECT oid FROM pg_catalog.pg_namespace WHERE nspname = c.table_schema)) where table_catalog = 'newapi' AND table_schema = CURRENT_SCHEMA() AND table_name = 'channels'

2026/06/21 22:46:00 [32m/home/ubuntu/demo/SynthApi/model/main.go:258
[0m[33m[0.659ms] [34;1m[rows:-][0m SELECT * FROM "channels" LIMIT 1
[SYS] 2026/06/21 - 23:11:57 | initializing token encoders 
[SYS] 2026/06/21 - 23:11:57 | token encoders initialized 
[SYS] 2026/06/21 - 23:11:57 | using PostgreSQL as database 
[SYS] 2026/06/21 - 23:11:57 | database migration started 

2026/06/21 23:11:57 [32m/home/ubuntu/demo/SynthApi/model/main.go:526
[0m[33m[27.231ms] [34;1m[rows:1][0m SELECT count(*) FROM information_schema.tables WHERE table_schema = CURRENT_SCHEMA() AND table_name = 'subscription_plans' AND table_type = 'BASE TABLE'

2026/06/21 23:11:57 [32m/home/ubuntu/demo/SynthApi/model/main.go:531
[0m[33m[26.659ms] [34;1m[rows:1][0m SELECT count(*) FROM INFORMATION_SCHEMA.columns WHERE table_schema = CURRENT_SCHEMA() AND table_name = 'subscription_plans' AND column_name = 'price_amount'
[SYS] 2026/06/24 - 10:39:56 | initializing token encoders 
